// Jest Snapshot v1, https://goo.gl/fbAQLP

exports[`should render the ExpenseDashboardPage 1`] = `
<div>
  <Connect(ExpensesSummary) />
  <Connect(ExpenseListFilter) />
  <Connect(ExpenseList) />
</div>
`;
