// Jest Snapshot v1, https://goo.gl/fbAQLP

exports[`should render the Login Page 1`] = `
<div
  className="box-layout"
>
  <div
    className="box-layout__box"
  >
    <h1
      className="box-layout__title"
    >
      Log In To Your Account
    </h1>
    <p
      className="secondary-text"
    >
      Get your expenses under control.
    </p>
    <button
      className="btn-primary"
      onClick={[Function]}
    >
      Login
    </button>
  </div>
</div>
`;
