// Jest Snapshot v1, https://goo.gl/fbAQLP

exports[`should render the Login Page 1`] = `
<div>
  <h1>
    Log In To Your Account
  </h1>
  <button
    onClick={[Function]}
  >
    Login
  </button>
</div>
`;
